INFO:     Started server process [15888]
INFO:     Waiting for application startup.
INFO:apscheduler.scheduler:Adding job tentatively -- it will be properly scheduled when the scheduler starts
INFO:shoehunter:Scheduler aktif: 30 dk
INFO:apscheduler.scheduler:Added job "scheduled_check" to job store "default"
INFO:apscheduler.scheduler:Scheduler started
INFO:     Application startup complete.
INFO:     Uvicorn running on http://127.0.0.1:8010 (Press CTRL+C to quit)
INFO:     Started server process [16088]
INFO:     Waiting for application startup.
INFO:apscheduler.scheduler:Scheduler started
INFO:     Application startup complete.
INFO:     Uvicorn running on http://127.0.0.1:8010 (Press CTRL+C to quit)
ERROR:asyncio:Task exception was never retrieved
future: <Task finished name='Task-143' coro=<Connection.run() done, defined at C:\Users\ÖGR1\AppData\Local\Python\pythoncore-3.14-64\Lib\site-packages\playwright\_impl\_connection.py:305> exception=PermissionError(13, 'Eriþim engellendi', None, 5, None)>
Traceback (most recent call last):
  File "C:\Users\ÖGR1\AppData\Local\Python\pythoncore-3.14-64\Lib\site-packages\playwright\_impl\_connection.py", line 312, in run
    await self._transport.connect()
  File "C:\Users\ÖGR1\AppData\Local\Python\pythoncore-3.14-64\Lib\site-packages\playwright\_impl\_transport.py", line 133, in connect
    raise exc
  File "C:\Users\ÖGR1\AppData\Local\Python\pythoncore-3.14-64\Lib\site-packages\playwright\_impl\_transport.py", line 120, in connect
    self._proc = await asyncio.create_subprocess_exec(
                 ^^^^^^^^^^^^^^^^^^^^^^^^^^^^^^^^^^^^^
    ...<9 lines>...
    )
    ^
  File "C:\Users\ÖGR1\AppData\Local\Python\pythoncore-3.14-64\Lib\asyncio\subprocess.py", line 224, in create_subprocess_exec
    transport, protocol = await loop.subprocess_exec(
                          ^^^^^^^^^^^^^^^^^^^^^^^^^^^
    ...<3 lines>...
        stderr=stderr, **kwds)
        ^^^^^^^^^^^^^^^^^^^^^^
  File "C:\Users\ÖGR1\AppData\Local\Python\pythoncore-3.14-64\Lib\asyncio\base_events.py", line 1808, in subprocess_exec
    transport = await self._make_subprocess_transport(
                ^^^^^^^^^^^^^^^^^^^^^^^^^^^^^^^^^^^^^^
        protocol, popen_args, False, stdin, stdout, stderr,
        ^^^^^^^^^^^^^^^^^^^^^^^^^^^^^^^^^^^^^^^^^^^^^^^^^^^
        bufsize, **kwargs)
        ^^^^^^^^^^^^^^^^^^
  File "C:\Users\ÖGR1\AppData\Local\Python\pythoncore-3.14-64\Lib\asyncio\windows_events.py", line 401, in _make_subprocess_transport
    transp = _WindowsSubprocessTransport(self, protocol, args, shell,
                                         stdin, stdout, stderr, bufsize,
                                         waiter=waiter, extra=extra,
                                         **kwargs)
  File "C:\Users\ÖGR1\AppData\Local\Python\pythoncore-3.14-64\Lib\asyncio\base_subprocess.py", line 40, in __init__
    self._start(args=args, shell=shell, stdin=stdin, stdout=stdout,
    ~~~~~~~~~~~^^^^^^^^^^^^^^^^^^^^^^^^^^^^^^^^^^^^^^^^^^^^^^^^^^^^
                stderr=stderr, bufsize=bufsize, **kwargs)
                ^^^^^^^^^^^^^^^^^^^^^^^^^^^^^^^^^^^^^^^^^
  File "C:\Users\ÖGR1\AppData\Local\Python\pythoncore-3.14-64\Lib\asyncio\windows_events.py", line 882, in _start
    self._proc = windows_utils.Popen(
                 ~~~~~~~~~~~~~~~~~~~^
        args, shell=shell, stdin=stdin, stdout=stdout, stderr=stderr,
        ^^^^^^^^^^^^^^^^^^^^^^^^^^^^^^^^^^^^^^^^^^^^^^^^^^^^^^^^^^^^^
        bufsize=bufsize, **kwargs)
        ^^^^^^^^^^^^^^^^^^^^^^^^^^
  File "C:\Users\ÖGR1\AppData\Local\Python\pythoncore-3.14-64\Lib\asyncio\windows_utils.py", line 144, in __init__
    stdin_rh, stdin_wh = pipe(overlapped=(False, True), duplex=True)
                         ~~~~^^^^^^^^^^^^^^^^^^^^^^^^^^^^^^^^^^^^^^^
  File "C:\Users\ÖGR1\AppData\Local\Python\pythoncore-3.14-64\Lib\asyncio\windows_utils.py", line 70, in pipe
    h2 = _winapi.CreateFile(
        address, access, 0, _winapi.NULL, _winapi.OPEN_EXISTING,
        flags_and_attribs, _winapi.NULL)
PermissionError: [WinError 5] Eriþim engellendi
ERROR:asyncio:Task exception was never retrieved
future: <Task finished name='Task-156' coro=<Connection.run() done, defined at C:\Users\ÖGR1\AppData\Local\Python\pythoncore-3.14-64\Lib\site-packages\playwright\_impl\_connection.py:305> exception=PermissionError(13, 'Eriþim engellendi', None, 5, None)>
Traceback (most recent call last):
  File "C:\Users\ÖGR1\AppData\Local\Python\pythoncore-3.14-64\Lib\site-packages\playwright\_impl\_connection.py", line 312, in run
    await self._transport.connect()
  File "C:\Users\ÖGR1\AppData\Local\Python\pythoncore-3.14-64\Lib\site-packages\playwright\_impl\_transport.py", line 133, in connect
    raise exc
  File "C:\Users\ÖGR1\AppData\Local\Python\pythoncore-3.14-64\Lib\site-packages\playwright\_impl\_transport.py", line 120, in connect
    self._proc = await asyncio.create_subprocess_exec(
                 ^^^^^^^^^^^^^^^^^^^^^^^^^^^^^^^^^^^^^
    ...<9 lines>...
    )
    ^
  File "C:\Users\ÖGR1\AppData\Local\Python\pythoncore-3.14-64\Lib\asyncio\subprocess.py", line 224, in create_subprocess_exec
    transport, protocol = await loop.subprocess_exec(
                          ^^^^^^^^^^^^^^^^^^^^^^^^^^^
    ...<3 lines>...
        stderr=stderr, **kwds)
        ^^^^^^^^^^^^^^^^^^^^^^
  File "C:\Users\ÖGR1\AppData\Local\Python\pythoncore-3.14-64\Lib\asyncio\base_events.py", line 1808, in subprocess_exec
    transport = await self._make_subprocess_transport(
                ^^^^^^^^^^^^^^^^^^^^^^^^^^^^^^^^^^^^^^
        protocol, popen_args, False, stdin, stdout, stderr,
        ^^^^^^^^^^^^^^^^^^^^^^^^^^^^^^^^^^^^^^^^^^^^^^^^^^^
        bufsize, **kwargs)
        ^^^^^^^^^^^^^^^^^^
  File "C:\Users\ÖGR1\AppData\Local\Python\pythoncore-3.14-64\Lib\asyncio\windows_events.py", line 401, in _make_subprocess_transport
    transp = _WindowsSubprocessTransport(self, protocol, args, shell,
                                         stdin, stdout, stderr, bufsize,
                                         waiter=waiter, extra=extra,
                                         **kwargs)
  File "C:\Users\ÖGR1\AppData\Local\Python\pythoncore-3.14-64\Lib\asyncio\base_subprocess.py", line 40, in __init__
    self._start(args=args, shell=shell, stdin=stdin, stdout=stdout,
    ~~~~~~~~~~~^^^^^^^^^^^^^^^^^^^^^^^^^^^^^^^^^^^^^^^^^^^^^^^^^^^^
                stderr=stderr, bufsize=bufsize, **kwargs)
                ^^^^^^^^^^^^^^^^^^^^^^^^^^^^^^^^^^^^^^^^^
  File "C:\Users\ÖGR1\AppData\Local\Python\pythoncore-3.14-64\Lib\asyncio\windows_events.py", line 882, in _start
    self._proc = windows_utils.Popen(
                 ~~~~~~~~~~~~~~~~~~~^
        args, shell=shell, stdin=stdin, stdout=stdout, stderr=stderr,
        ^^^^^^^^^^^^^^^^^^^^^^^^^^^^^^^^^^^^^^^^^^^^^^^^^^^^^^^^^^^^^
        bufsize=bufsize, **kwargs)
        ^^^^^^^^^^^^^^^^^^^^^^^^^^
  File "C:\Users\ÖGR1\AppData\Local\Python\pythoncore-3.14-64\Lib\asyncio\windows_utils.py", line 144, in __init__
    stdin_rh, stdin_wh = pipe(overlapped=(False, True), duplex=True)
                         ~~~~^^^^^^^^^^^^^^^^^^^^^^^^^^^^^^^^^^^^^^^
  File "C:\Users\ÖGR1\AppData\Local\Python\pythoncore-3.14-64\Lib\asyncio\windows_utils.py", line 70, in pipe
    h2 = _winapi.CreateFile(
        address, access, 0, _winapi.NULL, _winapi.OPEN_EXISTING,
        flags_and_attribs, _winapi.NULL)
PermissionError: [WinError 5] Eriþim engellendi
